[INFO] Scanning for projects...
[INFO] 
[INFO] ----------------------< com.gully.ggos:ggos-crm >-----------------------
[INFO] Building ggos-crm 0.0.1-SNAPSHOT
[INFO]   from pom.xml
[INFO] --------------------------------[ jar ]---------------------------------
[INFO] 
[INFO] --- resources:3.3.1:resources (default-resources) @ ggos-crm ---
[INFO] Copying 2 resources from src\main\resources to target\classes
[INFO] Copying 3 resources from src\main\resources to target\classes
[INFO] 
[INFO] --- compiler:3.13.0:compile (default-compile) @ ggos-crm ---
[INFO] Recompiling the module because of changed source code.
[INFO] Compiling 86 source files with javac [debug parameters release 17] to target\classes
[INFO] -------------------------------------------------------------
[ERROR] COMPILATION ERROR : 
[INFO] -------------------------------------------------------------
[ERROR] /C:/Proj/CRM-ERP/api/src/main/java/com/gully/ggos/api/crm/CrmLeadController.java:[58,79] ')' expected
[ERROR] /C:/Proj/CRM-ERP/api/src/main/java/com/gully/ggos/api/crm/CrmLeadController.java:[58,80] not a statement
[ERROR] /C:/Proj/CRM-ERP/api/src/main/java/com/gully/ggos/api/crm/CrmLeadController.java:[58,84] ';' expected
[INFO] 3 errors 
[INFO] -------------------------------------------------------------
[INFO] ------------------------------------------------------------------------
[INFO] BUILD FAILURE
[INFO] ------------------------------------------------------------------------
[INFO] Total time:  13.260 s
[INFO] Finished at: 2026-02-21T20:37:12+05:30
[INFO] ------------------------------------------------------------------------
[ERROR] Failed to execute goal org.apache.maven.plugins:maven-compiler-plugin:3.13.0:compile (default-compile) on project ggos-crm: Compilation failure: Compilation failure: 
[ERROR] /C:/Proj/CRM-ERP/api/src/main/java/com/gully/ggos/api/crm/CrmLeadController.java:[58,79] ')' expected
[ERROR] /C:/Proj/CRM-ERP/api/src/main/java/com/gully/ggos/api/crm/CrmLeadController.java:[58,80] not a statement
[ERROR] /C:/Proj/CRM-ERP/api/src/main/java/com/gully/ggos/api/crm/CrmLeadController.java:[58,84] ';' expected
[ERROR] -> [Help 1]
[ERROR] 
[ERROR] To see the full stack trace of the errors, re-run Maven with the -e switch.
[ERROR] Re-run Maven using the -X switch to enable full debug logging.
[ERROR] 
[ERROR] For more information about the errors and possible solutions, please read the following articles:
[ERROR] [Help 1] http://cwiki.apache.org/confluence/display/MAVEN/MojoFailureException
